<!-- --COPYRIGHT--,BSD
 *  Copyright (c) 2017, Texas Instruments Incorporated
 *  All rights reserved.
 * 
 *  Redistribution and use in source and binary forms, with or without
 *  modification, are permitted provided that the following conditions
 *  are met:
 * 
 *  *  Redistributions of source code must retain the above copyright
 *     notice, this list of conditions and the following disclaimer.
 * 
 *  *  Redistributions in binary form must reproduce the above copyright
 *     notice, this list of conditions and the following disclaimer in the
 *     documentation and/or other materials provided with the distribution.
 * 
 *  *  Neither the name of Texas Instruments Incorporated nor the names of
 *     its contributors may be used to endorse or promote products derived
 *     from this software without specific prior written permission.
 * 
 *  THIS SOFTWARE IS PROVIDED BY THE COPYRIGHT HOLDERS AND CONTRIBUTORS "AS IS"
 *  AND ANY EXPRESS OR IMPLIED WARRANTIES, INCLUDING, BUT NOT LIMITED TO,
 *  THE IMPLIED WARRANTIES OF MERCHANTABILITY AND FITNESS FOR A PARTICULAR
 *  PURPOSE ARE DISCLAIMED. IN NO EVENT SHALL THE COPYRIGHT OWNER OR
 *  CONTRIBUTORS BE LIABLE FOR ANY DIRECT, INDIRECT, INCIDENTAL, SPECIAL,
 *  EXEMPLARY, OR CONSEQUENTIAL DAMAGES (INCLUDING, BUT NOT LIMITED TO,
 *  PROCUREMENT OF SUBSTITUTE GOODS OR SERVICES; LOSS OF USE, DATA, OR PROFITS;
 *  OR BUSINESS INTERRUPTION) HOWEVER CAUSED AND ON ANY THEORY OF LIABILITY,
 *  WHETHER IN CONTRACT, STRICT LIABILITY, OR TORT (INCLUDING NEGLIGENCE OR
 *  OTHERWISE) ARISING IN ANY WAY OUT OF THE USE OF THIS SOFTWARE,
 *  EVEN IF ADVISED OF THE POSSIBILITY OF SUCH DAMAGE.
 * --/COPYRIGHT-- -->
<?xml version="1.0"?>
<link_info>
   <banner>MSP430 Linker PC v16.9.4.LTS</banner>
   <copyright>Copyright (c) 2003-2017 Texas Instruments Incorporated</copyright>
   <link_time>0x59ca732f</link_time>
   <link_errors>0x0</link_errors>
   <output_file>FR2000_PWM_DAC.out</output_file>
   <entry_point>
      <name>_c_int00_noinit_noargs_noexit</name>
      <address>0xfec4</address>
   </entry_point>
   <input_file_list>
      <input_file id="fl-2">
         <path>.\</path>
         <kind>object</kind>
         <file>main.obj</file>
         <name>main.obj</name>
      </input_file>
      <input_file id="fl-1f">
         <path>C:\ti\ccsv7\tools\compiler\ti-cgt-msp430_16.9.4.LTS\lib\</path>
         <kind>archive</kind>
         <file>rts430x_sc_sd_eabi.lib</file>
         <name>copy_decompress_lzss.obj</name>
      </input_file>
      <input_file id="fl-20">
         <path>C:\ti\ccsv7\tools\compiler\ti-cgt-msp430_16.9.4.LTS\lib\</path>
         <kind>archive</kind>
         <file>rts430x_sc_sd_eabi.lib</file>
         <name>copy_decompress_none.obj</name>
      </input_file>
      <input_file id="fl-22">
         <path>C:\ti\ccsv7\tools\compiler\ti-cgt-msp430_16.9.4.LTS\lib\</path>
         <kind>archive</kind>
         <file>rts430x_sc_sd_eabi.lib</file>
         <name>exit_gvars.obj</name>
      </input_file>
      <input_file id="fl-2d">
         <path>C:\ti\ccsv7\tools\compiler\ti-cgt-msp430_16.9.4.LTS\lib\</path>
         <kind>archive</kind>
         <file>rts430x_sc_sd_eabi.lib</file>
         <name>memcpy.obj</name>
      </input_file>
      <input_file id="fl-2e">
         <path>C:\ti\ccsv7\tools\compiler\ti-cgt-msp430_16.9.4.LTS\lib\</path>
         <kind>archive</kind>
         <file>rts430x_sc_sd_eabi.lib</file>
         <name>mpu_init.obj</name>
      </input_file>
      <input_file id="fl-2f">
         <path>C:\ti\ccsv7\tools\compiler\ti-cgt-msp430_16.9.4.LTS\lib\</path>
         <kind>archive</kind>
         <file>rts430x_sc_sd_eabi.lib</file>
         <name>pre_init.obj</name>
      </input_file>
      <input_file id="fl-30">
         <path>C:\ti\ccsv7\tools\compiler\ti-cgt-msp430_16.9.4.LTS\lib\</path>
         <kind>archive</kind>
         <file>rts430x_sc_sd_eabi.lib</file>
         <name>_lock.obj</name>
      </input_file>
      <input_file id="fl-33">
         <path>C:\ti\ccsv7\tools\compiler\ti-cgt-msp430_16.9.4.LTS\lib\</path>
         <kind>archive</kind>
         <file>rts430x_sc_sd_eabi.lib</file>
         <name>cpy_tbl.obj</name>
      </input_file>
      <input_file id="fl-35">
         <path>C:\ti\ccsv7\tools\compiler\ti-cgt-msp430_16.9.4.LTS\lib\</path>
         <kind>archive</kind>
         <file>rts430x_sc_sd_eabi.lib</file>
         <name>startup.obj</name>
      </input_file>
      <input_file id="fl-36">
         <path>C:\Users\a0224668\AppData\Local\Temp\</path>
         <kind>object</kind>
         <file>{9FD77F45-3FAF-4F9F-BE92-DFA142F2C1D1}</file>
         <name>{9FD77F45-3FAF-4F9F-BE92-DFA142F2C1D1}</name>
      </input_file>
      <input_file id="fl-7">
         <kind>object</kind>
         <file>&lt;internal&gt;</file>
         <name>&lt;internal&gt;</name>
      </input_file>
      <input_file id="fl-1d">
         <path>C:\ti\ccsv7\tools\compiler\ti-cgt-msp430_16.9.4.LTS\lib\</path>
         <kind>archive</kind>
         <file>rts430x_sc_sd_eabi.lib</file>
         <name>boot.obj</name>
      </input_file>
      <input_file id="fl-1e">
         <path>C:\ti\ccsv7\tools\compiler\ti-cgt-msp430_16.9.4.LTS\lib\</path>
         <kind>archive</kind>
         <file>rts430x_sc_sd_eabi.lib</file>
         <name>boot_special.obj</name>
      </input_file>
      <input_file id="fl-21">
         <path>C:\ti\ccsv7\tools\compiler\ti-cgt-msp430_16.9.4.LTS\lib\</path>
         <kind>archive</kind>
         <file>rts430x_sc_sd_eabi.lib</file>
         <name>exit.obj</name>
      </input_file>
      <input_file id="fl-23">
         <path>C:\ti\ccsv7\tools\compiler\ti-cgt-msp430_16.9.4.LTS\lib\</path>
         <kind>archive</kind>
         <file>rts430x_sc_sd_eabi.lib</file>
         <name>int48.obj</name>
      </input_file>
      <input_file id="fl-24">
         <path>C:\ti\ccsv7\tools\compiler\ti-cgt-msp430_16.9.4.LTS\lib\</path>
         <kind>archive</kind>
         <file>rts430x_sc_sd_eabi.lib</file>
         <name>int49.obj</name>
      </input_file>
      <input_file id="fl-25">
         <path>C:\ti\ccsv7\tools\compiler\ti-cgt-msp430_16.9.4.LTS\lib\</path>
         <kind>archive</kind>
         <file>rts430x_sc_sd_eabi.lib</file>
         <name>int50.obj</name>
      </input_file>
      <input_file id="fl-26">
         <path>C:\ti\ccsv7\tools\compiler\ti-cgt-msp430_16.9.4.LTS\lib\</path>
         <kind>archive</kind>
         <file>rts430x_sc_sd_eabi.lib</file>
         <name>int52.obj</name>
      </input_file>
      <input_file id="fl-27">
         <path>C:\ti\ccsv7\tools\compiler\ti-cgt-msp430_16.9.4.LTS\lib\</path>
         <kind>archive</kind>
         <file>rts430x_sc_sd_eabi.lib</file>
         <name>int53.obj</name>
      </input_file>
      <input_file id="fl-28">
         <path>C:\ti\ccsv7\tools\compiler\ti-cgt-msp430_16.9.4.LTS\lib\</path>
         <kind>archive</kind>
         <file>rts430x_sc_sd_eabi.lib</file>
         <name>int54.obj</name>
      </input_file>
      <input_file id="fl-29">
         <path>C:\ti\ccsv7\tools\compiler\ti-cgt-msp430_16.9.4.LTS\lib\</path>
         <kind>archive</kind>
         <file>rts430x_sc_sd_eabi.lib</file>
         <name>int55.obj</name>
      </input_file>
      <input_file id="fl-2a">
         <path>C:\ti\ccsv7\tools\compiler\ti-cgt-msp430_16.9.4.LTS\lib\</path>
         <kind>archive</kind>
         <file>rts430x_sc_sd_eabi.lib</file>
         <name>int57.obj</name>
      </input_file>
      <input_file id="fl-2b">
         <path>C:\ti\ccsv7\tools\compiler\ti-cgt-msp430_16.9.4.LTS\lib\</path>
         <kind>archive</kind>
         <file>rts430x_sc_sd_eabi.lib</file>
         <name>int58.obj</name>
      </input_file>
      <input_file id="fl-2c">
         <path>C:\ti\ccsv7\tools\compiler\ti-cgt-msp430_16.9.4.LTS\lib\</path>
         <kind>archive</kind>
         <file>rts430x_sc_sd_eabi.lib</file>
         <name>isr_trap.obj</name>
      </input_file>
      <input_file id="fl-31">
         <path>C:\ti\ccsv7\tools\compiler\ti-cgt-msp430_16.9.4.LTS\lib\</path>
         <kind>archive</kind>
         <file>rts430x_sc_sd_eabi.lib</file>
         <name>args_main.obj</name>
      </input_file>
      <input_file id="fl-32">
         <path>C:\ti\ccsv7\tools\compiler\ti-cgt-msp430_16.9.4.LTS\lib\</path>
         <kind>archive</kind>
         <file>rts430x_sc_sd_eabi.lib</file>
         <name>autoinit_wdt.obj</name>
      </input_file>
      <input_file id="fl-34">
         <path>C:\ti\ccsv7\tools\compiler\ti-cgt-msp430_16.9.4.LTS\lib\</path>
         <kind>archive</kind>
         <file>rts430x_sc_sd_eabi.lib</file>
         <name>mult16.obj</name>
      </input_file>
   </input_file_list>
   <object_component_list>
      <object_component id="oc-2d4">
         <name>.binit</name>
         <load_address>0xfe00</load_address>
         <run_address>0xfe00</run_address>
         <size>0x0</size>
      </object_component>
      <object_component id="oc-27b">
         <name>.const:.string:sine</name>
         <load_address>0xfe00</load_address>
         <run_address>0xfe00</run_address>
         <size>0x20</size>
         <input_file_ref idref="fl-2"/>
      </object_component>
      <object_component id="oc-24c">
         <name>.text:main</name>
         <load_address>0xfe20</load_address>
         <run_address>0xfe20</run_address>
         <size>0x8a</size>
         <input_file_ref idref="fl-2"/>
      </object_component>
      <object_component id="oc-226">
         <name>.text:TIMER0_B0_ISR</name>
         <load_address>0xfeaa</load_address>
         <run_address>0xfeaa</run_address>
         <size>0x1a</size>
         <input_file_ref idref="fl-2"/>
      </object_component>
      <object_component id="oc-a6">
         <name>.text:_c_int00_noinit_noargs_noexit</name>
         <load_address>0xfec4</load_address>
         <run_address>0xfec4</run_address>
         <size>0x12</size>
         <input_file_ref idref="fl-1e"/>
      </object_component>
      <object_component id="oc-254">
         <name>.text:abort</name>
         <load_address>0xfed6</load_address>
         <run_address>0xfed6</run_address>
         <size>0x6</size>
         <input_file_ref idref="fl-21"/>
      </object_component>
      <object_component id="oc-22c">
         <name>.text:_system_pre_init</name>
         <load_address>0xfedc</load_address>
         <run_address>0xfedc</run_address>
         <size>0x4</size>
         <input_file_ref idref="fl-2f"/>
      </object_component>
      <object_component id="oc-221">
         <name>.text:_isr:__TI_ISR_TRAP</name>
         <load_address>0xfee0</load_address>
         <run_address>0xfee0</run_address>
         <size>0x8</size>
         <input_file_ref idref="fl-2c"/>
      </object_component>
      <object_component id="oc-27a">
         <name>.common:counter</name>
         <uninitialized>true</uninitialized>
         <run_address>0x2000</run_address>
         <size>0x1</size>
      </object_component>
      <object_component id="oc-204">
         <name>.stack</name>
         <uninitialized>true</uninitialized>
         <run_address>0x2160</run_address>
         <size>0x2</size>
         <input_file_ref idref="fl-1d"/>
      </object_component>
      <object_component id="oc-335">
         <name>.stack</name>
         <uninitialized>true</uninitialized>
         <run_address>0x2160</run_address>
         <size>0x0</size>
      </object_component>
      <object_component id="oc-6c">
         <name>.int48</name>
         <load_address>0xffe8</load_address>
         <run_address>0xffe8</run_address>
         <size>0x2</size>
         <input_file_ref idref="fl-23"/>
      </object_component>
      <object_component id="oc-6d">
         <name>.int49</name>
         <load_address>0xffea</load_address>
         <run_address>0xffea</run_address>
         <size>0x2</size>
         <input_file_ref idref="fl-24"/>
      </object_component>
      <object_component id="oc-6e">
         <name>.int50</name>
         <load_address>0xffec</load_address>
         <run_address>0xffec</run_address>
         <size>0x2</size>
         <input_file_ref idref="fl-25"/>
      </object_component>
      <object_component id="oc-6f">
         <name>.int52</name>
         <load_address>0xfff0</load_address>
         <run_address>0xfff0</run_address>
         <size>0x2</size>
         <input_file_ref idref="fl-26"/>
      </object_component>
      <object_component id="oc-70">
         <name>.int53</name>
         <load_address>0xfff2</load_address>
         <run_address>0xfff2</run_address>
         <size>0x2</size>
         <input_file_ref idref="fl-27"/>
      </object_component>
      <object_component id="oc-71">
         <name>.int54</name>
         <load_address>0xfff4</load_address>
         <run_address>0xfff4</run_address>
         <size>0x2</size>
         <input_file_ref idref="fl-28"/>
      </object_component>
      <object_component id="oc-72">
         <name>.int55</name>
         <load_address>0xfff6</load_address>
         <run_address>0xfff6</run_address>
         <size>0x2</size>
         <input_file_ref idref="fl-29"/>
      </object_component>
      <object_component id="oc-73">
         <name>.int56</name>
         <load_address>0xfff8</load_address>
         <run_address>0xfff8</run_address>
         <size>0x2</size>
         <input_file_ref idref="fl-36"/>
      </object_component>
      <object_component id="oc-74">
         <name>.int57</name>
         <load_address>0xfffa</load_address>
         <run_address>0xfffa</run_address>
         <size>0x2</size>
         <input_file_ref idref="fl-2a"/>
      </object_component>
      <object_component id="oc-75">
         <name>.int58</name>
         <load_address>0xfffc</load_address>
         <run_address>0xfffc</run_address>
         <size>0x2</size>
         <input_file_ref idref="fl-2b"/>
      </object_component>
      <object_component id="oc-207">
         <name>.reset</name>
         <load_address>0xfffe</load_address>
         <run_address>0xfffe</run_address>
         <size>0x2</size>
         <input_file_ref idref="fl-1d"/>
      </object_component>
      <object_component id="oc-205">
         <name>.debug_info</name>
         <load_address>0x0</load_address>
         <run_address>0x0</run_address>
         <size>0xc5</size>
         <input_file_ref idref="fl-1d"/>
      </object_component>
      <object_component id="oc-a7">
         <name>.debug_info</name>
         <load_address>0xc5</load_address>
         <run_address>0xc5</run_address>
         <size>0x163</size>
         <input_file_ref idref="fl-1e"/>
      </object_component>
      <object_component id="oc-255">
         <name>.debug_info</name>
         <load_address>0x228</load_address>
         <run_address>0x228</run_address>
         <size>0xe7</size>
         <input_file_ref idref="fl-21"/>
      </object_component>
      <object_component id="oc-222">
         <name>.debug_info</name>
         <load_address>0x30f</load_address>
         <run_address>0x30f</run_address>
         <size>0xd7</size>
         <input_file_ref idref="fl-2c"/>
      </object_component>
      <object_component id="oc-21f">
         <name>.debug_info</name>
         <load_address>0x3e6</load_address>
         <run_address>0x3e6</run_address>
         <size>0x57e</size>
         <input_file_ref idref="fl-36"/>
      </object_component>
      <object_component id="oc-27c">
         <name>.debug_info</name>
         <load_address>0x964</load_address>
         <run_address>0x964</run_address>
         <size>0xd7</size>
         <input_file_ref idref="fl-36"/>
      </object_component>
      <object_component id="oc-24d">
         <name>.debug_info</name>
         <load_address>0xa3b</load_address>
         <run_address>0xa3b</run_address>
         <size>0x171</size>
         <input_file_ref idref="fl-36"/>
      </object_component>
      <object_component id="oc-22d">
         <name>.debug_info</name>
         <load_address>0xbac</load_address>
         <run_address>0xbac</run_address>
         <size>0x11f</size>
         <input_file_ref idref="fl-36"/>
      </object_component>
      <object_component id="oc-227">
         <name>.debug_info</name>
         <load_address>0xccb</load_address>
         <run_address>0xccb</run_address>
         <size>0x184</size>
         <input_file_ref idref="fl-36"/>
      </object_component>
      <object_component id="oc-213">
         <name>.debug_info</name>
         <load_address>0xe4f</load_address>
         <run_address>0xe4f</run_address>
         <size>0x84</size>
         <input_file_ref idref="fl-36"/>
      </object_component>
      <object_component id="oc-26f">
         <name>.debug_info</name>
         <load_address>0xed3</load_address>
         <run_address>0xed3</run_address>
         <size>0x2c</size>
         <input_file_ref idref="fl-36"/>
      </object_component>
      <object_component id="oc-209">
         <name>.debug_info</name>
         <load_address>0xeff</load_address>
         <run_address>0xeff</run_address>
         <size>0x46</size>
         <input_file_ref idref="fl-36"/>
      </object_component>
      <object_component id="oc-262">
         <name>.debug_info</name>
         <load_address>0xf45</load_address>
         <run_address>0xf45</run_address>
         <size>0x2c</size>
         <input_file_ref idref="fl-36"/>
      </object_component>
      <object_component id="oc-274">
         <name>.debug_info</name>
         <load_address>0xf71</load_address>
         <run_address>0xf71</run_address>
         <size>0xcd</size>
         <input_file_ref idref="fl-36"/>
      </object_component>
      <object_component id="oc-336">
         <name>.debug_info</name>
         <load_address>0x103e</load_address>
         <run_address>0x103e</run_address>
         <size>0xbb</size>
      </object_component>
      <object_component id="oc-261">
         <name>.debug_line</name>
         <load_address>0x0</load_address>
         <run_address>0x0</run_address>
         <size>0x2a</size>
         <input_file_ref idref="fl-1d"/>
      </object_component>
      <object_component id="oc-aa">
         <name>.debug_line</name>
         <load_address>0x2a</load_address>
         <run_address>0x2a</run_address>
         <size>0x47</size>
         <input_file_ref idref="fl-1e"/>
      </object_component>
      <object_component id="oc-258">
         <name>.debug_line</name>
         <load_address>0x71</load_address>
         <run_address>0x71</run_address>
         <size>0x3d</size>
         <input_file_ref idref="fl-21"/>
      </object_component>
      <object_component id="oc-225">
         <name>.debug_line</name>
         <load_address>0xae</load_address>
         <run_address>0xae</run_address>
         <size>0x3d</size>
         <input_file_ref idref="fl-2c"/>
      </object_component>
      <object_component id="oc-26e">
         <name>.debug_line</name>
         <load_address>0xeb</load_address>
         <run_address>0xeb</run_address>
         <size>0x103</size>
         <input_file_ref idref="fl-36"/>
      </object_component>
      <object_component id="oc-2aa">
         <name>.debug_line</name>
         <load_address>0x1ee</load_address>
         <run_address>0x1ee</run_address>
         <size>0x65</size>
         <input_file_ref idref="fl-36"/>
      </object_component>
      <object_component id="oc-250">
         <name>.debug_line</name>
         <load_address>0x253</load_address>
         <run_address>0x253</run_address>
         <size>0x8e</size>
         <input_file_ref idref="fl-36"/>
      </object_component>
      <object_component id="oc-230">
         <name>.debug_line</name>
         <load_address>0x2e1</load_address>
         <run_address>0x2e1</run_address>
         <size>0x3e</size>
         <input_file_ref idref="fl-36"/>
      </object_component>
      <object_component id="oc-22a">
         <name>.debug_line</name>
         <load_address>0x31f</load_address>
         <run_address>0x31f</run_address>
         <size>0x79</size>
         <input_file_ref idref="fl-36"/>
      </object_component>
      <object_component id="oc-216">
         <name>.debug_line</name>
         <load_address>0x398</load_address>
         <run_address>0x398</run_address>
         <size>0x20</size>
         <input_file_ref idref="fl-36"/>
      </object_component>
      <object_component id="oc-272">
         <name>.debug_line</name>
         <load_address>0x3b8</load_address>
         <run_address>0x3b8</run_address>
         <size>0x2e</size>
         <input_file_ref idref="fl-36"/>
      </object_component>
      <object_component id="oc-20c">
         <name>.debug_line</name>
         <load_address>0x3e6</load_address>
         <run_address>0x3e6</run_address>
         <size>0x3a</size>
         <input_file_ref idref="fl-36"/>
      </object_component>
      <object_component id="oc-265">
         <name>.debug_line</name>
         <load_address>0x420</load_address>
         <run_address>0x420</run_address>
         <size>0x5c</size>
         <input_file_ref idref="fl-36"/>
      </object_component>
      <object_component id="oc-277">
         <name>.debug_line</name>
         <load_address>0x47c</load_address>
         <run_address>0x47c</run_address>
         <size>0x5d</size>
         <input_file_ref idref="fl-36"/>
      </object_component>
      <object_component id="oc-ab">
         <name>.debug_frame</name>
         <load_address>0x0</load_address>
         <run_address>0x0</run_address>
         <size>0x34</size>
         <input_file_ref idref="fl-1e"/>
      </object_component>
      <object_component id="oc-259">
         <name>.debug_frame</name>
         <load_address>0x34</load_address>
         <run_address>0x34</run_address>
         <size>0x39</size>
         <input_file_ref idref="fl-21"/>
      </object_component>
      <object_component id="oc-251">
         <name>.debug_frame</name>
         <load_address>0x6d</load_address>
         <run_address>0x6d</run_address>
         <size>0x3a</size>
         <input_file_ref idref="fl-36"/>
      </object_component>
      <object_component id="oc-231">
         <name>.debug_frame</name>
         <load_address>0xa7</load_address>
         <run_address>0xa7</run_address>
         <size>0x39</size>
         <input_file_ref idref="fl-36"/>
      </object_component>
      <object_component id="oc-22b">
         <name>.debug_frame</name>
         <load_address>0xe0</load_address>
         <run_address>0xe0</run_address>
         <size>0x41</size>
         <input_file_ref idref="fl-36"/>
      </object_component>
      <object_component id="oc-260">
         <name>.debug_abbrev</name>
         <load_address>0x0</load_address>
         <run_address>0x0</run_address>
         <size>0x29</size>
         <input_file_ref idref="fl-1d"/>
      </object_component>
      <object_component id="oc-25e">
         <name>.debug_abbrev</name>
         <load_address>0x29</load_address>
         <run_address>0x29</run_address>
         <size>0x58</size>
         <input_file_ref idref="fl-1e"/>
      </object_component>
      <object_component id="oc-2a8">
         <name>.debug_abbrev</name>
         <load_address>0x81</load_address>
         <run_address>0x81</run_address>
         <size>0x45</size>
         <input_file_ref idref="fl-21"/>
      </object_component>
      <object_component id="oc-279">
         <name>.debug_abbrev</name>
         <load_address>0xc6</load_address>
         <run_address>0xc6</run_address>
         <size>0x28</size>
         <input_file_ref idref="fl-2c"/>
      </object_component>
      <object_component id="oc-26d">
         <name>.debug_abbrev</name>
         <load_address>0xee</load_address>
         <run_address>0xee</run_address>
         <size>0x12a</size>
         <input_file_ref idref="fl-36"/>
      </object_component>
      <object_component id="oc-2a9">
         <name>.debug_abbrev</name>
         <load_address>0x218</load_address>
         <run_address>0x218</run_address>
         <size>0x27</size>
         <input_file_ref idref="fl-36"/>
      </object_component>
      <object_component id="oc-2a7">
         <name>.debug_abbrev</name>
         <load_address>0x23f</load_address>
         <run_address>0x23f</run_address>
         <size>0x4e</size>
         <input_file_ref idref="fl-36"/>
      </object_component>
      <object_component id="oc-27f">
         <name>.debug_abbrev</name>
         <load_address>0x28d</load_address>
         <run_address>0x28d</run_address>
         <size>0x50</size>
         <input_file_ref idref="fl-36"/>
      </object_component>
      <object_component id="oc-27e">
         <name>.debug_abbrev</name>
         <load_address>0x2dd</load_address>
         <run_address>0x2dd</run_address>
         <size>0x51</size>
         <input_file_ref idref="fl-36"/>
      </object_component>
      <object_component id="oc-215">
         <name>.debug_abbrev</name>
         <load_address>0x32e</load_address>
         <run_address>0x32e</run_address>
         <size>0x1f</size>
         <input_file_ref idref="fl-36"/>
      </object_component>
      <object_component id="oc-271">
         <name>.debug_abbrev</name>
         <load_address>0x34d</load_address>
         <run_address>0x34d</run_address>
         <size>0x24</size>
         <input_file_ref idref="fl-36"/>
      </object_component>
      <object_component id="oc-20b">
         <name>.debug_abbrev</name>
         <load_address>0x371</load_address>
         <run_address>0x371</run_address>
         <size>0x24</size>
         <input_file_ref idref="fl-36"/>
      </object_component>
      <object_component id="oc-264">
         <name>.debug_abbrev</name>
         <load_address>0x395</load_address>
         <run_address>0x395</run_address>
         <size>0x24</size>
         <input_file_ref idref="fl-36"/>
      </object_component>
      <object_component id="oc-276">
         <name>.debug_abbrev</name>
         <load_address>0x3b9</load_address>
         <run_address>0x3b9</run_address>
         <size>0x4b</size>
         <input_file_ref idref="fl-36"/>
      </object_component>
      <object_component id="oc-337">
         <name>.debug_abbrev</name>
         <load_address>0x404</load_address>
         <run_address>0x404</run_address>
         <size>0xf</size>
      </object_component>
      <object_component id="oc-a8">
         <name>.debug_aranges</name>
         <load_address>0x0</load_address>
         <run_address>0x0</run_address>
         <size>0x20</size>
         <input_file_ref idref="fl-1e"/>
      </object_component>
      <object_component id="oc-256">
         <name>.debug_aranges</name>
         <load_address>0x20</load_address>
         <run_address>0x20</run_address>
         <size>0x20</size>
         <input_file_ref idref="fl-21"/>
      </object_component>
      <object_component id="oc-223">
         <name>.debug_aranges</name>
         <load_address>0x40</load_address>
         <run_address>0x40</run_address>
         <size>0x20</size>
         <input_file_ref idref="fl-2c"/>
      </object_component>
      <object_component id="oc-24e">
         <name>.debug_aranges</name>
         <load_address>0x60</load_address>
         <run_address>0x60</run_address>
         <size>0x20</size>
         <input_file_ref idref="fl-36"/>
      </object_component>
      <object_component id="oc-22e">
         <name>.debug_aranges</name>
         <load_address>0x80</load_address>
         <run_address>0x80</run_address>
         <size>0x20</size>
         <input_file_ref idref="fl-36"/>
      </object_component>
      <object_component id="oc-228">
         <name>.debug_aranges</name>
         <load_address>0xa0</load_address>
         <run_address>0xa0</run_address>
         <size>0x20</size>
         <input_file_ref idref="fl-36"/>
      </object_component>
      <object_component id="oc-206">
         <name>.debug_pubnames</name>
         <load_address>0x0</load_address>
         <run_address>0x0</run_address>
         <size>0x1d</size>
         <input_file_ref idref="fl-1d"/>
      </object_component>
      <object_component id="oc-a9">
         <name>.debug_pubnames</name>
         <load_address>0x1d</load_address>
         <run_address>0x1d</run_address>
         <size>0x34</size>
         <input_file_ref idref="fl-1e"/>
      </object_component>
      <object_component id="oc-257">
         <name>.debug_pubnames</name>
         <load_address>0x51</load_address>
         <run_address>0x51</run_address>
         <size>0x1c</size>
         <input_file_ref idref="fl-21"/>
      </object_component>
      <object_component id="oc-224">
         <name>.debug_pubnames</name>
         <load_address>0x6d</load_address>
         <run_address>0x6d</run_address>
         <size>0x2b</size>
         <input_file_ref idref="fl-2c"/>
      </object_component>
      <object_component id="oc-220">
         <name>.debug_pubnames</name>
         <load_address>0x98</load_address>
         <run_address>0x98</run_address>
         <size>0x1e</size>
         <input_file_ref idref="fl-36"/>
      </object_component>
      <object_component id="oc-27d">
         <name>.debug_pubnames</name>
         <load_address>0xb6</load_address>
         <run_address>0xb6</run_address>
         <size>0x1b</size>
         <input_file_ref idref="fl-36"/>
      </object_component>
      <object_component id="oc-24f">
         <name>.debug_pubnames</name>
         <load_address>0xd1</load_address>
         <run_address>0xd1</run_address>
         <size>0x1b</size>
         <input_file_ref idref="fl-36"/>
      </object_component>
      <object_component id="oc-22f">
         <name>.debug_pubnames</name>
         <load_address>0xec</load_address>
         <run_address>0xec</run_address>
         <size>0x27</size>
         <input_file_ref idref="fl-36"/>
      </object_component>
      <object_component id="oc-229">
         <name>.debug_pubnames</name>
         <load_address>0x113</load_address>
         <run_address>0x113</run_address>
         <size>0x24</size>
         <input_file_ref idref="fl-36"/>
      </object_component>
      <object_component id="oc-217">
         <name>.debug_str</name>
         <load_address>0x0</load_address>
         <run_address>0x0</run_address>
         <size>0xfa</size>
         <input_file_ref idref="fl-36"/>
      </object_component>
      <object_component id="oc-273">
         <name>.debug_str</name>
         <load_address>0xfa</load_address>
         <run_address>0xfa</run_address>
         <size>0xc4</size>
         <input_file_ref idref="fl-36"/>
      </object_component>
      <object_component id="oc-20d">
         <name>.debug_str</name>
         <load_address>0x1be</load_address>
         <run_address>0x1be</run_address>
         <size>0xed</size>
         <input_file_ref idref="fl-36"/>
      </object_component>
      <object_component id="oc-266">
         <name>.debug_str</name>
         <load_address>0x2ab</load_address>
         <run_address>0x2ab</run_address>
         <size>0xec</size>
         <input_file_ref idref="fl-36"/>
      </object_component>
      <object_component id="oc-278">
         <name>.debug_str</name>
         <load_address>0x397</load_address>
         <run_address>0x397</run_address>
         <size>0x143</size>
         <input_file_ref idref="fl-36"/>
      </object_component>
      <object_component id="oc-214">
         <name>.debug_pubtypes</name>
         <load_address>0x0</load_address>
         <run_address>0x0</run_address>
         <size>0xed</size>
         <input_file_ref idref="fl-36"/>
      </object_component>
      <object_component id="oc-270">
         <name>.debug_pubtypes</name>
         <load_address>0xed</load_address>
         <run_address>0xed</run_address>
         <size>0x23</size>
         <input_file_ref idref="fl-36"/>
      </object_component>
      <object_component id="oc-20a">
         <name>.debug_pubtypes</name>
         <load_address>0x110</load_address>
         <run_address>0x110</run_address>
         <size>0x48</size>
         <input_file_ref idref="fl-36"/>
      </object_component>
      <object_component id="oc-263">
         <name>.debug_pubtypes</name>
         <load_address>0x158</load_address>
         <run_address>0x158</run_address>
         <size>0x1d</size>
         <input_file_ref idref="fl-36"/>
      </object_component>
      <object_component id="oc-275">
         <name>.debug_pubtypes</name>
         <load_address>0x175</load_address>
         <run_address>0x175</run_address>
         <size>0x50</size>
         <input_file_ref idref="fl-36"/>
      </object_component>
   </object_component_list>
   <logical_group_list>
      <logical_group id="lg-4" display="no" color="cyan">
         <name>.TI.persistent</name>
         <run_address>0xfe00</run_address>
         <size>0x0</size>
         <contents>
         </contents>
      </logical_group>
      <logical_group id="lg-3" display="no" color="cyan">
         <name>READ_WRITE_MEMORY</name>
         <run_address>0xfe00</run_address>
         <size>0x0</size>
         <contents>
            <logical_group_ref idref="lg-4"/>
         </contents>
      </logical_group>
      <logical_group id="lg-6" display="no" color="cyan">
         <name>.cinit</name>
         <run_address>0xfe00</run_address>
         <size>0x0</size>
         <contents>
         </contents>
      </logical_group>
      <logical_group id="lg-7" display="no" color="cyan">
         <name>.pinit</name>
         <run_address>0xfe00</run_address>
         <size>0x0</size>
         <contents>
         </contents>
      </logical_group>
      <logical_group id="lg-8" display="no" color="cyan">
         <name>.binit</name>
         <load_address>0xfe00</load_address>
         <run_address>0xfe00</run_address>
         <size>0x0</size>
         <contents>
            <object_component_ref idref="oc-2d4"/>
         </contents>
      </logical_group>
      <logical_group id="lg-9" display="no" color="cyan">
         <name>.init_array</name>
         <run_address>0xfe00</run_address>
         <size>0x0</size>
         <contents>
         </contents>
      </logical_group>
      <logical_group id="lg-a" display="no" color="cyan">
         <name>.mspabi.exidx</name>
         <run_address>0xfe00</run_address>
         <size>0x0</size>
         <contents>
         </contents>
      </logical_group>
      <logical_group id="lg-b" display="no" color="cyan">
         <name>.mspabi.extab</name>
         <run_address>0xfe00</run_address>
         <size>0x0</size>
         <contents>
         </contents>
      </logical_group>
      <logical_group id="lg-c" display="no" color="cyan">
         <name>.const</name>
         <load_address>0xfe00</load_address>
         <run_address>0xfe00</run_address>
         <size>0x20</size>
         <contents>
            <object_component_ref idref="oc-27b"/>
         </contents>
      </logical_group>
      <logical_group id="lg-5" display="no" color="cyan">
         <name>READ_ONLY_MEMORY</name>
         <load_address>0xfe00</load_address>
         <run_address>0xfe00</run_address>
         <size>0x20</size>
         <contents>
            <logical_group_ref idref="lg-6"/>
            <logical_group_ref idref="lg-7"/>
            <logical_group_ref idref="lg-8"/>
            <logical_group_ref idref="lg-9"/>
            <logical_group_ref idref="lg-a"/>
            <logical_group_ref idref="lg-b"/>
            <logical_group_ref idref="lg-c"/>
         </contents>
      </logical_group>
      <logical_group id="lg-e" display="no" color="cyan">
         <name>.text</name>
         <load_address>0xfe20</load_address>
         <run_address>0xfe20</run_address>
         <size>0xc0</size>
         <contents>
            <object_component_ref idref="oc-24c"/>
            <object_component_ref idref="oc-226"/>
            <object_component_ref idref="oc-a6"/>
            <object_component_ref idref="oc-254"/>
            <object_component_ref idref="oc-22c"/>
         </contents>
      </logical_group>
      <logical_group id="lg-f" display="no" color="cyan">
         <name>.text:_isr</name>
         <load_address>0xfee0</load_address>
         <run_address>0xfee0</run_address>
         <size>0x8</size>
         <contents>
            <object_component_ref idref="oc-221"/>
         </contents>
      </logical_group>
      <logical_group id="lg-d" display="no" color="cyan">
         <name>EXECUTABLE_MEMORY</name>
         <load_address>0xfe20</load_address>
         <run_address>0xfe20</run_address>
         <size>0xc8</size>
         <contents>
            <logical_group_ref idref="lg-e"/>
            <logical_group_ref idref="lg-f"/>
         </contents>
      </logical_group>
      <logical_group id="lg-2" display="no" color="cyan">
         <name>ALL_FRAM</name>
         <load_address>0xfe00</load_address>
         <run_address>0xfe00</run_address>
         <size>0xe8</size>
         <contents>
            <logical_group_ref idref="lg-3"/>
            <logical_group_ref idref="lg-5"/>
            <logical_group_ref idref="lg-d"/>
         </contents>
      </logical_group>
      <logical_group id="lg-10" display="no" color="cyan">
         <name>.TI.ramfunc</name>
         <run_address>0x0</run_address>
         <size>0x0</size>
         <contents>
         </contents>
      </logical_group>
      <logical_group id="lg-11" display="no" color="cyan">
         <name>.jtagsignature</name>
         <run_address>0x0</run_address>
         <size>0x0</size>
         <contents>
         </contents>
      </logical_group>
      <logical_group id="lg-12" display="no" color="cyan">
         <name>.bslsignature</name>
         <run_address>0x0</run_address>
         <size>0x0</size>
         <contents>
         </contents>
      </logical_group>
      <logical_group id="lg-13" display="no" color="cyan">
         <name>.cio</name>
         <run_address>0x0</run_address>
         <size>0x0</size>
         <contents>
         </contents>
      </logical_group>
      <logical_group id="lg-14" display="no" color="cyan">
         <name>.sysmem</name>
         <run_address>0x0</run_address>
         <size>0x0</size>
         <contents>
         </contents>
      </logical_group>
      <logical_group id="lg-15" display="no" color="cyan">
         <name>.bss</name>
         <run_address>0x2000</run_address>
         <size>0x1</size>
         <contents>
            <object_component_ref idref="oc-27a"/>
         </contents>
      </logical_group>
      <logical_group id="lg-16" display="no" color="cyan">
         <name>.data</name>
         <run_address>0x0</run_address>
         <size>0x0</size>
         <contents>
         </contents>
      </logical_group>
      <logical_group id="lg-17" display="no" color="cyan">
         <name>.TI.noinit</name>
         <run_address>0x0</run_address>
         <size>0x0</size>
         <contents>
         </contents>
      </logical_group>
      <logical_group id="lg-18" display="no" color="cyan">
         <name>.stack</name>
         <run_address>0x2160</run_address>
         <size>0xa0</size>
         <contents>
            <object_component_ref idref="oc-204"/>
            <object_component_ref idref="oc-335"/>
         </contents>
      </logical_group>
      <logical_group id="lg-19" display="no" color="cyan">
         <name>.int00</name>
         <run_address>0x0</run_address>
         <size>0x0</size>
         <contents>
         </contents>
      </logical_group>
      <logical_group id="lg-1a" display="no" color="cyan">
         <name>.int01</name>
         <run_address>0x0</run_address>
         <size>0x0</size>
         <contents>
         </contents>
      </logical_group>
      <logical_group id="lg-1b" display="no" color="cyan">
         <name>.int02</name>
         <run_address>0x0</run_address>
         <size>0x0</size>
         <contents>
         </contents>
      </logical_group>
      <logical_group id="lg-1c" display="no" color="cyan">
         <name>.int03</name>
         <run_address>0x0</run_address>
         <size>0x0</size>
         <contents>
         </contents>
      </logical_group>
      <logical_group id="lg-1d" display="no" color="cyan">
         <name>.int04</name>
         <run_address>0x0</run_address>
         <size>0x0</size>
         <contents>
         </contents>
      </logical_group>
      <logical_group id="lg-1e" display="no" color="cyan">
         <name>.int05</name>
         <run_address>0x0</run_address>
         <size>0x0</size>
         <contents>
         </contents>
      </logical_group>
      <logical_group id="lg-1f" display="no" color="cyan">
         <name>.int06</name>
         <run_address>0x0</run_address>
         <size>0x0</size>
         <contents>
         </contents>
      </logical_group>
      <logical_group id="lg-20" display="no" color="cyan">
         <name>.int07</name>
         <run_address>0x0</run_address>
         <size>0x0</size>
         <contents>
         </contents>
      </logical_group>
      <logical_group id="lg-21" display="no" color="cyan">
         <name>.int08</name>
         <run_address>0x0</run_address>
         <size>0x0</size>
         <contents>
         </contents>
      </logical_group>
      <logical_group id="lg-22" display="no" color="cyan">
         <name>.int09</name>
         <run_address>0x0</run_address>
         <size>0x0</size>
         <contents>
         </contents>
      </logical_group>
      <logical_group id="lg-23" display="no" color="cyan">
         <name>.int10</name>
         <run_address>0x0</run_address>
         <size>0x0</size>
         <contents>
         </contents>
      </logical_group>
      <logical_group id="lg-24" display="no" color="cyan">
         <name>.int11</name>
         <run_address>0x0</run_address>
         <size>0x0</size>
         <contents>
         </contents>
      </logical_group>
      <logical_group id="lg-25" display="no" color="cyan">
         <name>.int12</name>
         <run_address>0x0</run_address>
         <size>0x0</size>
         <contents>
         </contents>
      </logical_group>
      <logical_group id="lg-26" display="no" color="cyan">
         <name>.int13</name>
         <run_address>0x0</run_address>
         <size>0x0</size>
         <contents>
         </contents>
      </logical_group>
      <logical_group id="lg-27" display="no" color="cyan">
         <name>.int14</name>
         <run_address>0x0</run_address>
         <size>0x0</size>
         <contents>
         </contents>
      </logical_group>
      <logical_group id="lg-28" display="no" color="cyan">
         <name>.int15</name>
         <run_address>0x0</run_address>
         <size>0x0</size>
         <contents>
         </contents>
      </logical_group>
      <logical_group id="lg-29" display="no" color="cyan">
         <name>.int16</name>
         <run_address>0x0</run_address>
         <size>0x0</size>
         <contents>
         </contents>
      </logical_group>
      <logical_group id="lg-2a" display="no" color="cyan">
         <name>.int17</name>
         <run_address>0x0</run_address>
         <size>0x0</size>
         <contents>
         </contents>
      </logical_group>
      <logical_group id="lg-2b" display="no" color="cyan">
         <name>.int18</name>
         <run_address>0x0</run_address>
         <size>0x0</size>
         <contents>
         </contents>
      </logical_group>
      <logical_group id="lg-2c" display="no" color="cyan">
         <name>.int19</name>
         <run_address>0x0</run_address>
         <size>0x0</size>
         <contents>
         </contents>
      </logical_group>
      <logical_group id="lg-2d" display="no" color="cyan">
         <name>.int20</name>
         <run_address>0x0</run_address>
         <size>0x0</size>
         <contents>
         </contents>
      </logical_group>
      <logical_group id="lg-2e" display="no" color="cyan">
         <name>.int21</name>
         <run_address>0x0</run_address>
         <size>0x0</size>
         <contents>
         </contents>
      </logical_group>
      <logical_group id="lg-2f" display="no" color="cyan">
         <name>.int22</name>
         <run_address>0x0</run_address>
         <size>0x0</size>
         <contents>
         </contents>
      </logical_group>
      <logical_group id="lg-30" display="no" color="cyan">
         <name>.int23</name>
         <run_address>0x0</run_address>
         <size>0x0</size>
         <contents>
         </contents>
      </logical_group>
      <logical_group id="lg-31" display="no" color="cyan">
         <name>.int24</name>
         <run_address>0x0</run_address>
         <size>0x0</size>
         <contents>
         </contents>
      </logical_group>
      <logical_group id="lg-32" display="no" color="cyan">
         <name>.int25</name>
         <run_address>0x0</run_address>
         <size>0x0</size>
         <contents>
         </contents>
      </logical_group>
      <logical_group id="lg-33" display="no" color="cyan">
         <name>.int26</name>
         <run_address>0x0</run_address>
         <size>0x0</size>
         <contents>
         </contents>
      </logical_group>
      <logical_group id="lg-34" display="no" color="cyan">
         <name>.int27</name>
         <run_address>0x0</run_address>
         <size>0x0</size>
         <contents>
         </contents>
      </logical_group>
      <logical_group id="lg-35" display="no" color="cyan">
         <name>.int28</name>
         <run_address>0x0</run_address>
         <size>0x0</size>
         <contents>
         </contents>
      </logical_group>
      <logical_group id="lg-36" display="no" color="cyan">
         <name>.int29</name>
         <run_address>0x0</run_address>
         <size>0x0</size>
         <contents>
         </contents>
      </logical_group>
      <logical_group id="lg-37" display="no" color="cyan">
         <name>.int30</name>
         <run_address>0x0</run_address>
         <size>0x0</size>
         <contents>
         </contents>
      </logical_group>
      <logical_group id="lg-38" display="no" color="cyan">
         <name>.int31</name>
         <run_address>0x0</run_address>
         <size>0x0</size>
         <contents>
         </contents>
      </logical_group>
      <logical_group id="lg-39" display="no" color="cyan">
         <name>.int32</name>
         <run_address>0x0</run_address>
         <size>0x0</size>
         <contents>
         </contents>
      </logical_group>
      <logical_group id="lg-3a" display="no" color="cyan">
         <name>.int33</name>
         <run_address>0x0</run_address>
         <size>0x0</size>
         <contents>
         </contents>
      </logical_group>
      <logical_group id="lg-3b" display="no" color="cyan">
         <name>.int34</name>
         <run_address>0x0</run_address>
         <size>0x0</size>
         <contents>
         </contents>
      </logical_group>
      <logical_group id="lg-3c" display="no" color="cyan">
         <name>.int35</name>
         <run_address>0x0</run_address>
         <size>0x0</size>
         <contents>
         </contents>
      </logical_group>
      <logical_group id="lg-3d" display="no" color="cyan">
         <name>.int36</name>
         <run_address>0x0</run_address>
         <size>0x0</size>
         <contents>
         </contents>
      </logical_group>
      <logical_group id="lg-3e" display="no" color="cyan">
         <name>.int37</name>
         <run_address>0x0</run_address>
         <size>0x0</size>
         <contents>
         </contents>
      </logical_group>
      <logical_group id="lg-3f" display="no" color="cyan">
         <name>.int38</name>
         <run_address>0x0</run_address>
         <size>0x0</size>
         <contents>
         </contents>
      </logical_group>
      <logical_group id="lg-40" display="no" color="cyan">
         <name>.int39</name>
         <run_address>0x0</run_address>
         <size>0x0</size>
         <contents>
         </contents>
      </logical_group>
      <logical_group id="lg-41" display="no" color="cyan">
         <name>.int40</name>
         <run_address>0x0</run_address>
         <size>0x0</size>
         <contents>
         </contents>
      </logical_group>
      <logical_group id="lg-42" display="no" color="cyan">
         <name>.int41</name>
         <run_address>0x0</run_address>
         <size>0x0</size>
         <contents>
         </contents>
      </logical_group>
      <logical_group id="lg-43" display="no" color="cyan">
         <name>.int42</name>
         <run_address>0x0</run_address>
         <size>0x0</size>
         <contents>
         </contents>
      </logical_group>
      <logical_group id="lg-44" display="no" color="cyan">
         <name>.int43</name>
         <run_address>0x0</run_address>
         <size>0x0</size>
         <contents>
         </contents>
      </logical_group>
      <logical_group id="lg-45" display="no" color="cyan">
         <name>.int44</name>
         <run_address>0x0</run_address>
         <size>0x0</size>
         <contents>
         </contents>
      </logical_group>
      <logical_group id="lg-46" display="no" color="cyan">
         <name>.int45</name>
         <run_address>0x0</run_address>
         <size>0x0</size>
         <contents>
         </contents>
      </logical_group>
      <logical_group id="lg-47" display="no" color="cyan">
         <name>.int46</name>
         <run_address>0x0</run_address>
         <size>0x0</size>
         <contents>
         </contents>
      </logical_group>
      <logical_group id="lg-48" display="no" color="cyan">
         <name>.int47</name>
         <run_address>0x0</run_address>
         <size>0x0</size>
         <contents>
         </contents>
      </logical_group>
      <logical_group id="lg-49" display="no" color="cyan">
         <name>ECOMP0</name>
         <load_address>0xffe8</load_address>
         <run_address>0xffe8</run_address>
         <size>0x2</size>
         <contents>
            <object_component_ref idref="oc-6c"/>
         </contents>
      </logical_group>
      <logical_group id="lg-4b" display="no" color="cyan">
         <name>PORT2</name>
         <load_address>0xffea</load_address>
         <run_address>0xffea</run_address>
         <size>0x2</size>
         <contents>
            <object_component_ref idref="oc-6d"/>
         </contents>
      </logical_group>
      <logical_group id="lg-4d" display="no" color="cyan">
         <name>PORT1</name>
         <load_address>0xffec</load_address>
         <run_address>0xffec</run_address>
         <size>0x2</size>
         <contents>
            <object_component_ref idref="oc-6e"/>
         </contents>
      </logical_group>
      <logical_group id="lg-4f" display="no" color="cyan">
         <name>.int51</name>
         <run_address>0x0</run_address>
         <size>0x0</size>
         <contents>
         </contents>
      </logical_group>
      <logical_group id="lg-50" display="no" color="cyan">
         <name>EUSCI_A0</name>
         <load_address>0xfff0</load_address>
         <run_address>0xfff0</run_address>
         <size>0x2</size>
         <contents>
            <object_component_ref idref="oc-6f"/>
         </contents>
      </logical_group>
      <logical_group id="lg-52" display="no" color="cyan">
         <name>WDT</name>
         <load_address>0xfff2</load_address>
         <run_address>0xfff2</run_address>
         <size>0x2</size>
         <contents>
            <object_component_ref idref="oc-70"/>
         </contents>
      </logical_group>
      <logical_group id="lg-54" display="no" color="cyan">
         <name>RTC</name>
         <load_address>0xfff4</load_address>
         <run_address>0xfff4</run_address>
         <size>0x2</size>
         <contents>
            <object_component_ref idref="oc-71"/>
         </contents>
      </logical_group>
      <logical_group id="lg-56" display="no" color="cyan">
         <name>TIMER0_B1</name>
         <load_address>0xfff6</load_address>
         <run_address>0xfff6</run_address>
         <size>0x2</size>
         <contents>
            <object_component_ref idref="oc-72"/>
         </contents>
      </logical_group>
      <logical_group id="lg-58" display="no" color="cyan">
         <name>TIMER0_B0</name>
         <load_address>0xfff8</load_address>
         <run_address>0xfff8</run_address>
         <size>0x2</size>
         <contents>
            <object_component_ref idref="oc-73"/>
         </contents>
      </logical_group>
      <logical_group id="lg-5a" display="no" color="cyan">
         <name>UNMI</name>
         <load_address>0xfffa</load_address>
         <run_address>0xfffa</run_address>
         <size>0x2</size>
         <contents>
            <object_component_ref idref="oc-74"/>
         </contents>
      </logical_group>
      <logical_group id="lg-5c" display="no" color="cyan">
         <name>SYSNMI</name>
         <load_address>0xfffc</load_address>
         <run_address>0xfffc</run_address>
         <size>0x2</size>
         <contents>
            <object_component_ref idref="oc-75"/>
         </contents>
      </logical_group>
      <logical_group id="lg-5e" display="no" color="cyan">
         <name>.reset</name>
         <load_address>0xfffe</load_address>
         <run_address>0xfffe</run_address>
         <size>0x2</size>
         <contents>
            <object_component_ref idref="oc-207"/>
         </contents>
      </logical_group>
      <logical_group id="lg-324" display="never" color="cyan">
         <name>.debug_info</name>
         <load_address>0x0</load_address>
         <run_address>0x0</run_address>
         <size>0x10f9</size>
         <contents>
            <object_component_ref idref="oc-205"/>
            <object_component_ref idref="oc-a7"/>
            <object_component_ref idref="oc-255"/>
            <object_component_ref idref="oc-222"/>
            <object_component_ref idref="oc-21f"/>
            <object_component_ref idref="oc-27c"/>
            <object_component_ref idref="oc-24d"/>
            <object_component_ref idref="oc-22d"/>
            <object_component_ref idref="oc-227"/>
            <object_component_ref idref="oc-213"/>
            <object_component_ref idref="oc-26f"/>
            <object_component_ref idref="oc-209"/>
            <object_component_ref idref="oc-262"/>
            <object_component_ref idref="oc-274"/>
            <object_component_ref idref="oc-336"/>
         </contents>
      </logical_group>
      <logical_group id="lg-326" display="never" color="cyan">
         <name>.debug_line</name>
         <load_address>0x0</load_address>
         <run_address>0x0</run_address>
         <size>0x4d9</size>
         <contents>
            <object_component_ref idref="oc-261"/>
            <object_component_ref idref="oc-aa"/>
            <object_component_ref idref="oc-258"/>
            <object_component_ref idref="oc-225"/>
            <object_component_ref idref="oc-26e"/>
            <object_component_ref idref="oc-2aa"/>
            <object_component_ref idref="oc-250"/>
            <object_component_ref idref="oc-230"/>
            <object_component_ref idref="oc-22a"/>
            <object_component_ref idref="oc-216"/>
            <object_component_ref idref="oc-272"/>
            <object_component_ref idref="oc-20c"/>
            <object_component_ref idref="oc-265"/>
            <object_component_ref idref="oc-277"/>
         </contents>
      </logical_group>
      <logical_group id="lg-328" display="never" color="cyan">
         <name>.debug_frame</name>
         <load_address>0x0</load_address>
         <run_address>0x0</run_address>
         <size>0x121</size>
         <contents>
            <object_component_ref idref="oc-ab"/>
            <object_component_ref idref="oc-259"/>
            <object_component_ref idref="oc-251"/>
            <object_component_ref idref="oc-231"/>
            <object_component_ref idref="oc-22b"/>
         </contents>
      </logical_group>
      <logical_group id="lg-32a" display="never" color="cyan">
         <name>.debug_abbrev</name>
         <load_address>0x0</load_address>
         <run_address>0x0</run_address>
         <size>0x413</size>
         <contents>
            <object_component_ref idref="oc-260"/>
            <object_component_ref idref="oc-25e"/>
            <object_component_ref idref="oc-2a8"/>
            <object_component_ref idref="oc-279"/>
            <object_component_ref idref="oc-26d"/>
            <object_component_ref idref="oc-2a9"/>
            <object_component_ref idref="oc-2a7"/>
            <object_component_ref idref="oc-27f"/>
            <object_component_ref idref="oc-27e"/>
            <object_component_ref idref="oc-215"/>
            <object_component_ref idref="oc-271"/>
            <object_component_ref idref="oc-20b"/>
            <object_component_ref idref="oc-264"/>
            <object_component_ref idref="oc-276"/>
            <object_component_ref idref="oc-337"/>
         </contents>
      </logical_group>
      <logical_group id="lg-32c" display="never" color="cyan">
         <name>.debug_aranges</name>
         <load_address>0x0</load_address>
         <run_address>0x0</run_address>
         <size>0xc0</size>
         <contents>
            <object_component_ref idref="oc-a8"/>
            <object_component_ref idref="oc-256"/>
            <object_component_ref idref="oc-223"/>
            <object_component_ref idref="oc-24e"/>
            <object_component_ref idref="oc-22e"/>
            <object_component_ref idref="oc-228"/>
         </contents>
      </logical_group>
      <logical_group id="lg-32e" display="never" color="cyan">
         <name>.debug_pubnames</name>
         <load_address>0x0</load_address>
         <run_address>0x0</run_address>
         <size>0x137</size>
         <contents>
            <object_component_ref idref="oc-206"/>
            <object_component_ref idref="oc-a9"/>
            <object_component_ref idref="oc-257"/>
            <object_component_ref idref="oc-224"/>
            <object_component_ref idref="oc-220"/>
            <object_component_ref idref="oc-27d"/>
            <object_component_ref idref="oc-24f"/>
            <object_component_ref idref="oc-22f"/>
            <object_component_ref idref="oc-229"/>
         </contents>
      </logical_group>
      <logical_group id="lg-330" display="never" color="cyan">
         <name>.debug_str</name>
         <load_address>0x0</load_address>
         <run_address>0x0</run_address>
         <size>0x4da</size>
         <contents>
            <object_component_ref idref="oc-217"/>
            <object_component_ref idref="oc-273"/>
            <object_component_ref idref="oc-20d"/>
            <object_component_ref idref="oc-266"/>
            <object_component_ref idref="oc-278"/>
         </contents>
      </logical_group>
      <logical_group id="lg-332" display="never" color="cyan">
         <name>.debug_pubtypes</name>
         <load_address>0x0</load_address>
         <run_address>0x0</run_address>
         <size>0x1c5</size>
         <contents>
            <object_component_ref idref="oc-214"/>
            <object_component_ref idref="oc-270"/>
            <object_component_ref idref="oc-20a"/>
            <object_component_ref idref="oc-263"/>
            <object_component_ref idref="oc-275"/>
         </contents>
      </logical_group>
      <logical_group id="lg-338" display="no" color="cyan">
         <name>$fill000</name>
         <load_address>0xff80</load_address>
         <run_address>0xff80</run_address>
         <size>0x4</size>
         <contents>
         </contents>
      </logical_group>
      <logical_group id="lg-33a" display="no" color="cyan">
         <name>$fill001</name>
         <load_address>0xff84</load_address>
         <run_address>0xff84</run_address>
         <size>0x4</size>
         <contents>
         </contents>
      </logical_group>
      <load_segment id="lg-33c" display="no" color="cyan">
         <name>SEGMENT_0</name>
         <run_address>0x2000</run_address>
         <size>0x1</size>
         <flags>0x6</flags>
         <contents>
            <logical_group_ref idref="lg-15"/>
         </contents>
      </load_segment>
      <load_segment id="lg-33d" display="no" color="cyan">
         <name>SEGMENT_1</name>
         <run_address>0x2160</run_address>
         <size>0xa0</size>
         <flags>0x6</flags>
         <contents>
            <logical_group_ref idref="lg-18"/>
         </contents>
      </load_segment>
      <load_segment id="lg-33e" display="no" color="cyan">
         <name>SEGMENT_2</name>
         <load_address>0xfe00</load_address>
         <run_address>0xfe00</run_address>
         <size>0xe8</size>
         <flags>0x5</flags>
         <contents>
            <logical_group_ref idref="lg-c"/>
            <logical_group_ref idref="lg-e"/>
            <logical_group_ref idref="lg-f"/>
         </contents>
      </load_segment>
      <load_segment id="lg-33f" display="no" color="cyan">
         <name>SEGMENT_3</name>
         <load_address>0xff80</load_address>
         <run_address>0xff80</run_address>
         <size>0x8</size>
         <flags>0x4</flags>
         <contents>
            <logical_group_ref idref="lg-338"/>
            <logical_group_ref idref="lg-33a"/>
         </contents>
      </load_segment>
      <load_segment id="lg-340" display="no" color="cyan">
         <name>SEGMENT_4</name>
         <load_address>0xffe8</load_address>
         <run_address>0xffe8</run_address>
         <size>0x6</size>
         <flags>0x4</flags>
         <contents>
            <logical_group_ref idref="lg-49"/>
            <logical_group_ref idref="lg-4b"/>
            <logical_group_ref idref="lg-4d"/>
         </contents>
      </load_segment>
      <load_segment id="lg-341" display="no" color="cyan">
         <name>SEGMENT_5</name>
         <load_address>0xfff0</load_address>
         <run_address>0xfff0</run_address>
         <size>0x10</size>
         <flags>0x4</flags>
         <contents>
            <logical_group_ref idref="lg-50"/>
            <logical_group_ref idref="lg-52"/>
            <logical_group_ref idref="lg-54"/>
            <logical_group_ref idref="lg-56"/>
            <logical_group_ref idref="lg-58"/>
            <logical_group_ref idref="lg-5a"/>
            <logical_group_ref idref="lg-5c"/>
            <logical_group_ref idref="lg-5e"/>
         </contents>
      </load_segment>
   </logical_group_list>
   <placement_map>
      <memory_area display="yes" color="green">
         <name>BSL0</name>
         <page_id>0x0</page_id>
         <origin>0x1000</origin>
         <length>0x400</length>
         <used_space>0x0</used_space>
         <unused_space>0x400</unused_space>
         <attributes>RWIX</attributes>
         <usage_details>
         </usage_details>
      </memory_area>
      <memory_area display="yes" color="green">
         <name>RAM</name>
         <page_id>0x0</page_id>
         <origin>0x2000</origin>
         <length>0x200</length>
         <used_space>0xa1</used_space>
         <unused_space>0x15f</unused_space>
         <attributes>RWIX</attributes>
         <usage_details>
            <allocated_space>
               <start_address>0x2000</start_address>
               <size>0x1</size>
               <logical_group_ref idref="lg-15"/>
            </allocated_space>
            <available_space>
               <start_address>0x2001</start_address>
               <size>0x15f</size>
            </available_space>
            <allocated_space>
               <start_address>0x2160</start_address>
               <size>0xa0</size>
               <logical_group_ref idref="lg-18"/>
            </allocated_space>
         </usage_details>
      </memory_area>
      <memory_area display="yes" color="green">
         <name>FRAM</name>
         <page_id>0x0</page_id>
         <origin>0xfe00</origin>
         <length>0x180</length>
         <used_space>0xe8</used_space>
         <unused_space>0x98</unused_space>
         <attributes>RWIX</attributes>
         <usage_details>
            <allocated_space>
               <start_address>0xfe00</start_address>
               <size>0xe8</size>
               <logical_group_ref idref="lg-2"/>
            </allocated_space>
            <available_space>
               <start_address>0xfee8</start_address>
               <size>0x98</size>
            </available_space>
         </usage_details>
      </memory_area>
      <memory_area display="no" color="green">
         <name>JTAGSIGNATURE</name>
         <page_id>0x0</page_id>
         <origin>0xff80</origin>
         <length>0x4</length>
         <used_space>0x4</used_space>
         <unused_space>0x0</unused_space>
         <attributes>RWIX</attributes>
         <fill_value>0xffff</fill_value>
         <fill_width>0x10</fill_width>
         <virtual_fill>0x0</virtual_fill>
         <usage_details>
            <allocated_space>
               <start_address>0xff80</start_address>
               <size>0x4</size>
               <logical_group_ref idref="lg-338"/>
            </allocated_space>
         </usage_details>
      </memory_area>
      <memory_area display="no" color="green">
         <name>BSLSIGNATURE</name>
         <page_id>0x0</page_id>
         <origin>0xff84</origin>
         <length>0x4</length>
         <used_space>0x4</used_space>
         <unused_space>0x0</unused_space>
         <attributes>RWIX</attributes>
         <fill_value>0xffff</fill_value>
         <fill_width>0x10</fill_width>
         <virtual_fill>0x0</virtual_fill>
         <usage_details>
            <allocated_space>
               <start_address>0xff84</start_address>
               <size>0x4</size>
               <logical_group_ref idref="lg-33a"/>
            </allocated_space>
         </usage_details>
      </memory_area>
      <memory_area display="no" color="green">
         <name>INT00</name>
         <page_id>0x0</page_id>
         <origin>0xff88</origin>
         <length>0x2</length>
         <used_space>0x0</used_space>
         <unused_space>0x2</unused_space>
         <attributes>RWIX</attributes>
         <usage_details>
         </usage_details>
      </memory_area>
      <memory_area display="no" color="green">
         <name>INT01</name>
         <page_id>0x0</page_id>
         <origin>0xff8a</origin>
         <length>0x2</length>
         <used_space>0x0</used_space>
         <unused_space>0x2</unused_space>
         <attributes>RWIX</attributes>
         <usage_details>
         </usage_details>
      </memory_area>
      <memory_area display="no" color="green">
         <name>INT02</name>
         <page_id>0x0</page_id>
         <origin>0xff8c</origin>
         <length>0x2</length>
         <used_space>0x0</used_space>
         <unused_space>0x2</unused_space>
         <attributes>RWIX</attributes>
         <usage_details>
         </usage_details>
      </memory_area>
      <memory_area display="no" color="green">
         <name>INT03</name>
         <page_id>0x0</page_id>
         <origin>0xff8e</origin>
         <length>0x2</length>
         <used_space>0x0</used_space>
         <unused_space>0x2</unused_space>
         <attributes>RWIX</attributes>
         <usage_details>
         </usage_details>
      </memory_area>
      <memory_area display="no" color="green">
         <name>INT04</name>
         <page_id>0x0</page_id>
         <origin>0xff90</origin>
         <length>0x2</length>
         <used_space>0x0</used_space>
         <unused_space>0x2</unused_space>
         <attributes>RWIX</attributes>
         <usage_details>
         </usage_details>
      </memory_area>
      <memory_area display="no" color="green">
         <name>INT05</name>
         <page_id>0x0</page_id>
         <origin>0xff92</origin>
         <length>0x2</length>
         <used_space>0x0</used_space>
         <unused_space>0x2</unused_space>
         <attributes>RWIX</attributes>
         <usage_details>
         </usage_details>
      </memory_area>
      <memory_area display="no" color="green">
         <name>INT06</name>
         <page_id>0x0</page_id>
         <origin>0xff94</origin>
         <length>0x2</length>
         <used_space>0x0</used_space>
         <unused_space>0x2</unused_space>
         <attributes>RWIX</attributes>
         <usage_details>
         </usage_details>
      </memory_area>
      <memory_area display="no" color="green">
         <name>INT07</name>
         <page_id>0x0</page_id>
         <origin>0xff96</origin>
         <length>0x2</length>
         <used_space>0x0</used_space>
         <unused_space>0x2</unused_space>
         <attributes>RWIX</attributes>
         <usage_details>
         </usage_details>
      </memory_area>
      <memory_area display="no" color="green">
         <name>INT08</name>
         <page_id>0x0</page_id>
         <origin>0xff98</origin>
         <length>0x2</length>
         <used_space>0x0</used_space>
         <unused_space>0x2</unused_space>
         <attributes>RWIX</attributes>
         <usage_details>
         </usage_details>
      </memory_area>
      <memory_area display="no" color="green">
         <name>INT09</name>
         <page_id>0x0</page_id>
         <origin>0xff9a</origin>
         <length>0x2</length>
         <used_space>0x0</used_space>
         <unused_space>0x2</unused_space>
         <attributes>RWIX</attributes>
         <usage_details>
         </usage_details>
      </memory_area>
      <memory_area display="no" color="green">
         <name>INT10</name>
         <page_id>0x0</page_id>
         <origin>0xff9c</origin>
         <length>0x2</length>
         <used_space>0x0</used_space>
         <unused_space>0x2</unused_space>
         <attributes>RWIX</attributes>
         <usage_details>
         </usage_details>
      </memory_area>
      <memory_area display="no" color="green">
         <name>INT11</name>
         <page_id>0x0</page_id>
         <origin>0xff9e</origin>
         <length>0x2</length>
         <used_space>0x0</used_space>
         <unused_space>0x2</unused_space>
         <attributes>RWIX</attributes>
         <usage_details>
         </usage_details>
      </memory_area>
      <memory_area display="no" color="green">
         <name>INT12</name>
         <page_id>0x0</page_id>
         <origin>0xffa0</origin>
         <length>0x2</length>
         <used_space>0x0</used_space>
         <unused_space>0x2</unused_space>
         <attributes>RWIX</attributes>
         <usage_details>
         </usage_details>
      </memory_area>
      <memory_area display="no" color="green">
         <name>INT13</name>
         <page_id>0x0</page_id>
         <origin>0xffa2</origin>
         <length>0x2</length>
         <used_space>0x0</used_space>
         <unused_space>0x2</unused_space>
         <attributes>RWIX</attributes>
         <usage_details>
         </usage_details>
      </memory_area>
      <memory_area display="no" color="green">
         <name>INT14</name>
         <page_id>0x0</page_id>
         <origin>0xffa4</origin>
         <length>0x2</length>
         <used_space>0x0</used_space>
         <unused_space>0x2</unused_space>
         <attributes>RWIX</attributes>
         <usage_details>
         </usage_details>
      </memory_area>
      <memory_area display="no" color="green">
         <name>INT15</name>
         <page_id>0x0</page_id>
         <origin>0xffa6</origin>
         <length>0x2</length>
         <used_space>0x0</used_space>
         <unused_space>0x2</unused_space>
         <attributes>RWIX</attributes>
         <usage_details>
         </usage_details>
      </memory_area>
      <memory_area display="no" color="green">
         <name>INT16</name>
         <page_id>0x0</page_id>
         <origin>0xffa8</origin>
         <length>0x2</length>
         <used_space>0x0</used_space>
         <unused_space>0x2</unused_space>
         <attributes>RWIX</attributes>
         <usage_details>
         </usage_details>
      </memory_area>
      <memory_area display="no" color="green">
         <name>INT17</name>
         <page_id>0x0</page_id>
         <origin>0xffaa</origin>
         <length>0x2</length>
         <used_space>0x0</used_space>
         <unused_space>0x2</unused_space>
         <attributes>RWIX</attributes>
         <usage_details>
         </usage_details>
      </memory_area>
      <memory_area display="no" color="green">
         <name>INT18</name>
         <page_id>0x0</page_id>
         <origin>0xffac</origin>
         <length>0x2</length>
         <used_space>0x0</used_space>
         <unused_space>0x2</unused_space>
         <attributes>RWIX</attributes>
         <usage_details>
         </usage_details>
      </memory_area>
      <memory_area display="no" color="green">
         <name>INT19</name>
         <page_id>0x0</page_id>
         <origin>0xffae</origin>
         <length>0x2</length>
         <used_space>0x0</used_space>
         <unused_space>0x2</unused_space>
         <attributes>RWIX</attributes>
         <usage_details>
         </usage_details>
      </memory_area>
      <memory_area display="no" color="green">
         <name>INT20</name>
         <page_id>0x0</page_id>
         <origin>0xffb0</origin>
         <length>0x2</length>
         <used_space>0x0</used_space>
         <unused_space>0x2</unused_space>
         <attributes>RWIX</attributes>
         <usage_details>
         </usage_details>
      </memory_area>
      <memory_area display="no" color="green">
         <name>INT21</name>
         <page_id>0x0</page_id>
         <origin>0xffb2</origin>
         <length>0x2</length>
         <used_space>0x0</used_space>
         <unused_space>0x2</unused_space>
         <attributes>RWIX</attributes>
         <usage_details>
         </usage_details>
      </memory_area>
      <memory_area display="no" color="green">
         <name>INT22</name>
         <page_id>0x0</page_id>
         <origin>0xffb4</origin>
         <length>0x2</length>
         <used_space>0x0</used_space>
         <unused_space>0x2</unused_space>
         <attributes>RWIX</attributes>
         <usage_details>
         </usage_details>
      </memory_area>
      <memory_area display="no" color="green">
         <name>INT23</name>
         <page_id>0x0</page_id>
         <origin>0xffb6</origin>
         <length>0x2</length>
         <used_space>0x0</used_space>
         <unused_space>0x2</unused_space>
         <attributes>RWIX</attributes>
         <usage_details>
         </usage_details>
      </memory_area>
      <memory_area display="no" color="green">
         <name>INT24</name>
         <page_id>0x0</page_id>
         <origin>0xffb8</origin>
         <length>0x2</length>
         <used_space>0x0</used_space>
         <unused_space>0x2</unused_space>
         <attributes>RWIX</attributes>
         <usage_details>
         </usage_details>
      </memory_area>
      <memory_area display="no" color="green">
         <name>INT25</name>
         <page_id>0x0</page_id>
         <origin>0xffba</origin>
         <length>0x2</length>
         <used_space>0x0</used_space>
         <unused_space>0x2</unused_space>
         <attributes>RWIX</attributes>
         <usage_details>
         </usage_details>
      </memory_area>
      <memory_area display="no" color="green">
         <name>INT26</name>
         <page_id>0x0</page_id>
         <origin>0xffbc</origin>
         <length>0x2</length>
         <used_space>0x0</used_space>
         <unused_space>0x2</unused_space>
         <attributes>RWIX</attributes>
         <usage_details>
         </usage_details>
      </memory_area>
      <memory_area display="no" color="green">
         <name>INT27</name>
         <page_id>0x0</page_id>
         <origin>0xffbe</origin>
         <length>0x2</length>
         <used_space>0x0</used_space>
         <unused_space>0x2</unused_space>
         <attributes>RWIX</attributes>
         <usage_details>
         </usage_details>
      </memory_area>
      <memory_area display="no" color="green">
         <name>INT28</name>
         <page_id>0x0</page_id>
         <origin>0xffc0</origin>
         <length>0x2</length>
         <used_space>0x0</used_space>
         <unused_space>0x2</unused_space>
         <attributes>RWIX</attributes>
         <usage_details>
         </usage_details>
      </memory_area>
      <memory_area display="no" color="green">
         <name>INT29</name>
         <page_id>0x0</page_id>
         <origin>0xffc2</origin>
         <length>0x2</length>
         <used_space>0x0</used_space>
         <unused_space>0x2</unused_space>
         <attributes>RWIX</attributes>
         <usage_details>
         </usage_details>
      </memory_area>
      <memory_area display="no" color="green">
         <name>INT30</name>
         <page_id>0x0</page_id>
         <origin>0xffc4</origin>
         <length>0x2</length>
         <used_space>0x0</used_space>
         <unused_space>0x2</unused_space>
         <attributes>RWIX</attributes>
         <usage_details>
         </usage_details>
      </memory_area>
      <memory_area display="no" color="green">
         <name>INT31</name>
         <page_id>0x0</page_id>
         <origin>0xffc6</origin>
         <length>0x2</length>
         <used_space>0x0</used_space>
         <unused_space>0x2</unused_space>
         <attributes>RWIX</attributes>
         <usage_details>
         </usage_details>
      </memory_area>
      <memory_area display="no" color="green">
         <name>INT32</name>
         <page_id>0x0</page_id>
         <origin>0xffc8</origin>
         <length>0x2</length>
         <used_space>0x0</used_space>
         <unused_space>0x2</unused_space>
         <attributes>RWIX</attributes>
         <usage_details>
         </usage_details>
      </memory_area>
      <memory_area display="no" color="green">
         <name>INT33</name>
         <page_id>0x0</page_id>
         <origin>0xffca</origin>
         <length>0x2</length>
         <used_space>0x0</used_space>
         <unused_space>0x2</unused_space>
         <attributes>RWIX</attributes>
         <usage_details>
         </usage_details>
      </memory_area>
      <memory_area display="no" color="green">
         <name>INT34</name>
         <page_id>0x0</page_id>
         <origin>0xffcc</origin>
         <length>0x2</length>
         <used_space>0x0</used_space>
         <unused_space>0x2</unused_space>
         <attributes>RWIX</attributes>
         <usage_details>
         </usage_details>
      </memory_area>
      <memory_area display="no" color="green">
         <name>INT35</name>
         <page_id>0x0</page_id>
         <origin>0xffce</origin>
         <length>0x2</length>
         <used_space>0x0</used_space>
         <unused_space>0x2</unused_space>
         <attributes>RWIX</attributes>
         <usage_details>
         </usage_details>
      </memory_area>
      <memory_area display="no" color="green">
         <name>INT36</name>
         <page_id>0x0</page_id>
         <origin>0xffd0</origin>
         <length>0x2</length>
         <used_space>0x0</used_space>
         <unused_space>0x2</unused_space>
         <attributes>RWIX</attributes>
         <usage_details>
         </usage_details>
      </memory_area>
      <memory_area display="no" color="green">
         <name>INT37</name>
         <page_id>0x0</page_id>
         <origin>0xffd2</origin>
         <length>0x2</length>
         <used_space>0x0</used_space>
         <unused_space>0x2</unused_space>
         <attributes>RWIX</attributes>
         <usage_details>
         </usage_details>
      </memory_area>
      <memory_area display="no" color="green">
         <name>INT38</name>
         <page_id>0x0</page_id>
         <origin>0xffd4</origin>
         <length>0x2</length>
         <used_space>0x0</used_space>
         <unused_space>0x2</unused_space>
         <attributes>RWIX</attributes>
         <usage_details>
         </usage_details>
      </memory_area>
      <memory_area display="no" color="green">
[...]
      </symbol>
      <symbol id="sm-b9">
         <name>PMMIFG_H</name>
         <value>0x12b</value>
      </symbol>
      <symbol id="sm-ba">
         <name>PM5CTL0</name>
         <value>0x130</value>
      </symbol>
      <symbol id="sm-bb">
         <name>PM5CTL0_L</name>
         <value>0x130</value>
      </symbol>
      <symbol id="sm-bc">
         <name>PM5CTL0_H</name>
         <value>0x131</value>
      </symbol>
      <symbol id="sm-bd">
         <name>RTCCTL</name>
         <value>0x300</value>
      </symbol>
      <symbol id="sm-be">
         <name>RTCCTL_L</name>
         <value>0x300</value>
      </symbol>
      <symbol id="sm-bf">
         <name>RTCCTL_H</name>
         <value>0x301</value>
      </symbol>
      <symbol id="sm-c0">
         <name>RTCIV</name>
         <value>0x304</value>
      </symbol>
      <symbol id="sm-c1">
         <name>RTCIV_L</name>
         <value>0x304</value>
      </symbol>
      <symbol id="sm-c2">
         <name>RTCIV_H</name>
         <value>0x305</value>
      </symbol>
      <symbol id="sm-c3">
         <name>RTCMOD</name>
         <value>0x308</value>
      </symbol>
      <symbol id="sm-c4">
         <name>RTCMOD_L</name>
         <value>0x308</value>
      </symbol>
      <symbol id="sm-c5">
         <name>RTCMOD_H</name>
         <value>0x309</value>
      </symbol>
      <symbol id="sm-c6">
         <name>RTCCNT</name>
         <value>0x30c</value>
      </symbol>
      <symbol id="sm-c7">
         <name>RTCCNT_L</name>
         <value>0x30c</value>
      </symbol>
      <symbol id="sm-c8">
         <name>RTCCNT_H</name>
         <value>0x30d</value>
      </symbol>
      <symbol id="sm-c9">
         <name>SFRIE1</name>
         <value>0x100</value>
      </symbol>
      <symbol id="sm-ca">
         <name>SFRIE1_L</name>
         <value>0x100</value>
      </symbol>
      <symbol id="sm-cb">
         <name>SFRIE1_H</name>
         <value>0x101</value>
      </symbol>
      <symbol id="sm-cc">
         <name>SFRIFG1</name>
         <value>0x102</value>
      </symbol>
      <symbol id="sm-cd">
         <name>SFRIFG1_L</name>
         <value>0x102</value>
      </symbol>
      <symbol id="sm-ce">
         <name>SFRIFG1_H</name>
         <value>0x103</value>
      </symbol>
      <symbol id="sm-cf">
         <name>SFRRPCR</name>
         <value>0x104</value>
      </symbol>
      <symbol id="sm-d0">
         <name>SFRRPCR_L</name>
         <value>0x104</value>
      </symbol>
      <symbol id="sm-d1">
         <name>SFRRPCR_H</name>
         <value>0x105</value>
      </symbol>
      <symbol id="sm-d2">
         <name>SYSCTL</name>
         <value>0x140</value>
      </symbol>
      <symbol id="sm-d3">
         <name>SYSCTL_L</name>
         <value>0x140</value>
      </symbol>
      <symbol id="sm-d4">
         <name>SYSCTL_H</name>
         <value>0x141</value>
      </symbol>
      <symbol id="sm-d5">
         <name>SYSBSLC</name>
         <value>0x142</value>
      </symbol>
      <symbol id="sm-d6">
         <name>SYSBSLC_L</name>
         <value>0x142</value>
      </symbol>
      <symbol id="sm-d7">
         <name>SYSBSLC_H</name>
         <value>0x143</value>
      </symbol>
      <symbol id="sm-d8">
         <name>SYSJMBC</name>
         <value>0x146</value>
      </symbol>
      <symbol id="sm-d9">
         <name>SYSJMBC_L</name>
         <value>0x146</value>
      </symbol>
      <symbol id="sm-da">
         <name>SYSJMBC_H</name>
         <value>0x147</value>
      </symbol>
      <symbol id="sm-db">
         <name>SYSJMBI0</name>
         <value>0x148</value>
      </symbol>
      <symbol id="sm-dc">
         <name>SYSJMBI0_L</name>
         <value>0x148</value>
      </symbol>
      <symbol id="sm-dd">
         <name>SYSJMBI0_H</name>
         <value>0x149</value>
      </symbol>
      <symbol id="sm-de">
         <name>SYSJMBI1</name>
         <value>0x14a</value>
      </symbol>
      <symbol id="sm-df">
         <name>SYSJMBI1_L</name>
         <value>0x14a</value>
      </symbol>
      <symbol id="sm-e0">
         <name>SYSJMBI1_H</name>
         <value>0x14b</value>
      </symbol>
      <symbol id="sm-e1">
         <name>SYSJMBO0</name>
         <value>0x14c</value>
      </symbol>
      <symbol id="sm-e2">
         <name>SYSJMBO0_L</name>
         <value>0x14c</value>
      </symbol>
      <symbol id="sm-e3">
         <name>SYSJMBO0_H</name>
         <value>0x14d</value>
      </symbol>
      <symbol id="sm-e4">
         <name>SYSJMBO1</name>
         <value>0x14e</value>
      </symbol>
      <symbol id="sm-e5">
         <name>SYSJMBO1_L</name>
         <value>0x14e</value>
      </symbol>
      <symbol id="sm-e6">
         <name>SYSJMBO1_H</name>
         <value>0x14f</value>
      </symbol>
      <symbol id="sm-e7">
         <name>SYSUNIV</name>
         <value>0x15a</value>
      </symbol>
      <symbol id="sm-e8">
         <name>SYSUNIV_L</name>
         <value>0x15a</value>
      </symbol>
      <symbol id="sm-e9">
         <name>SYSUNIV_H</name>
         <value>0x15b</value>
      </symbol>
      <symbol id="sm-ea">
         <name>SYSSNIV</name>
         <value>0x15c</value>
      </symbol>
      <symbol id="sm-eb">
         <name>SYSSNIV_L</name>
         <value>0x15c</value>
      </symbol>
      <symbol id="sm-ec">
         <name>SYSSNIV_H</name>
         <value>0x15d</value>
      </symbol>
      <symbol id="sm-ed">
         <name>SYSRSTIV</name>
         <value>0x15e</value>
      </symbol>
      <symbol id="sm-ee">
         <name>SYSRSTIV_L</name>
         <value>0x15e</value>
      </symbol>
      <symbol id="sm-ef">
         <name>SYSRSTIV_H</name>
         <value>0x15f</value>
      </symbol>
      <symbol id="sm-f0">
         <name>SYSCFG0</name>
         <value>0x160</value>
      </symbol>
      <symbol id="sm-f1">
         <name>SYSCFG0_L</name>
         <value>0x160</value>
      </symbol>
      <symbol id="sm-f2">
         <name>SYSCFG0_H</name>
         <value>0x161</value>
      </symbol>
      <symbol id="sm-f3">
         <name>SYSCFG1</name>
         <value>0x162</value>
      </symbol>
      <symbol id="sm-f4">
         <name>SYSCFG1_L</name>
         <value>0x162</value>
      </symbol>
      <symbol id="sm-f5">
         <name>SYSCFG1_H</name>
         <value>0x163</value>
      </symbol>
      <symbol id="sm-f6">
         <name>SYSCFG2</name>
         <value>0x164</value>
      </symbol>
      <symbol id="sm-f7">
         <name>SYSCFG2_L</name>
         <value>0x164</value>
      </symbol>
      <symbol id="sm-f8">
         <name>SYSCFG2_H</name>
         <value>0x165</value>
      </symbol>
      <symbol id="sm-f9">
         <name>SYSCFG3</name>
         <value>0x166</value>
      </symbol>
      <symbol id="sm-fa">
         <name>SYSCFG3_L</name>
         <value>0x166</value>
      </symbol>
      <symbol id="sm-fb">
         <name>SYSCFG3_H</name>
         <value>0x167</value>
      </symbol>
      <symbol id="sm-fc">
         <name>TB0CTL</name>
         <value>0x380</value>
      </symbol>
      <symbol id="sm-fd">
         <name>TB0CTL_L</name>
         <value>0x380</value>
      </symbol>
      <symbol id="sm-fe">
         <name>TB0CTL_H</name>
         <value>0x381</value>
      </symbol>
      <symbol id="sm-ff">
         <name>TB0CCTL0</name>
         <value>0x382</value>
      </symbol>
      <symbol id="sm-100">
         <name>TB0CCTL0_L</name>
         <value>0x382</value>
      </symbol>
      <symbol id="sm-101">
         <name>TB0CCTL0_H</name>
         <value>0x383</value>
      </symbol>
      <symbol id="sm-102">
         <name>TB0CCTL1</name>
         <value>0x384</value>
      </symbol>
      <symbol id="sm-103">
         <name>TB0CCTL1_L</name>
         <value>0x384</value>
      </symbol>
      <symbol id="sm-104">
         <name>TB0CCTL1_H</name>
         <value>0x385</value>
      </symbol>
      <symbol id="sm-105">
         <name>TB0CCTL2</name>
         <value>0x386</value>
      </symbol>
      <symbol id="sm-106">
         <name>TB0CCTL2_L</name>
         <value>0x386</value>
      </symbol>
      <symbol id="sm-107">
         <name>TB0CCTL2_H</name>
         <value>0x387</value>
      </symbol>
      <symbol id="sm-108">
         <name>TB0R</name>
         <value>0x390</value>
      </symbol>
      <symbol id="sm-109">
         <name>TB0R_L</name>
         <value>0x390</value>
      </symbol>
      <symbol id="sm-10a">
         <name>TB0R_H</name>
         <value>0x391</value>
      </symbol>
      <symbol id="sm-10b">
         <name>TB0CCR0</name>
         <value>0x392</value>
      </symbol>
      <symbol id="sm-10c">
         <name>TB0CCR0_L</name>
         <value>0x392</value>
      </symbol>
      <symbol id="sm-10d">
         <name>TB0CCR0_H</name>
         <value>0x393</value>
      </symbol>
      <symbol id="sm-10e">
         <name>TB0CCR1</name>
         <value>0x394</value>
      </symbol>
      <symbol id="sm-10f">
         <name>TB0CCR1_L</name>
         <value>0x394</value>
      </symbol>
      <symbol id="sm-110">
         <name>TB0CCR1_H</name>
         <value>0x395</value>
      </symbol>
      <symbol id="sm-111">
         <name>TB0CCR2</name>
         <value>0x396</value>
      </symbol>
      <symbol id="sm-112">
         <name>TB0CCR2_L</name>
         <value>0x396</value>
      </symbol>
      <symbol id="sm-113">
         <name>TB0CCR2_H</name>
         <value>0x397</value>
      </symbol>
      <symbol id="sm-114">
         <name>TB0EX0</name>
         <value>0x3a0</value>
      </symbol>
      <symbol id="sm-115">
         <name>TB0EX0_L</name>
         <value>0x3a0</value>
      </symbol>
      <symbol id="sm-116">
         <name>TB0EX0_H</name>
         <value>0x3a1</value>
      </symbol>
      <symbol id="sm-117">
         <name>TB0IV</name>
         <value>0x3ae</value>
      </symbol>
      <symbol id="sm-118">
         <name>TB0IV_L</name>
         <value>0x3ae</value>
      </symbol>
      <symbol id="sm-119">
         <name>TB0IV_H</name>
         <value>0x3af</value>
      </symbol>
      <symbol id="sm-11a">
         <name>WDTCTL</name>
         <value>0x1cc</value>
      </symbol>
      <symbol id="sm-11b">
         <name>WDTCTL_L</name>
         <value>0x1cc</value>
      </symbol>
      <symbol id="sm-11c">
         <name>WDTCTL_H</name>
         <value>0x1cd</value>
      </symbol>
      <symbol id="sm-11d">
         <name>CPCTL0</name>
         <value>0x8e0</value>
      </symbol>
      <symbol id="sm-11e">
         <name>CPCTL0_L</name>
         <value>0x8e0</value>
      </symbol>
      <symbol id="sm-11f">
         <name>CPCTL0_H</name>
         <value>0x8e1</value>
      </symbol>
      <symbol id="sm-120">
         <name>CPCTL1</name>
         <value>0x8e2</value>
      </symbol>
      <symbol id="sm-121">
         <name>CPCTL1_L</name>
         <value>0x8e2</value>
      </symbol>
      <symbol id="sm-122">
         <name>CPCTL1_H</name>
         <value>0x8e3</value>
      </symbol>
      <symbol id="sm-123">
         <name>CPINT</name>
         <value>0x8e6</value>
      </symbol>
      <symbol id="sm-124">
         <name>CPINT_L</name>
         <value>0x8e6</value>
      </symbol>
      <symbol id="sm-125">
         <name>CPINT_H</name>
         <value>0x8e7</value>
      </symbol>
      <symbol id="sm-126">
         <name>CPIV</name>
         <value>0x8e8</value>
      </symbol>
      <symbol id="sm-127">
         <name>CPIV_L</name>
         <value>0x8e8</value>
      </symbol>
      <symbol id="sm-128">
         <name>CPIV_H</name>
         <value>0x8e9</value>
      </symbol>
      <symbol id="sm-129">
         <name>CPDACCTL</name>
         <value>0x8f0</value>
      </symbol>
      <symbol id="sm-12a">
         <name>CPDACCTL_L</name>
         <value>0x8f0</value>
      </symbol>
      <symbol id="sm-12b">
         <name>CPDACCTL_H</name>
         <value>0x8f1</value>
      </symbol>
      <symbol id="sm-12c">
         <name>CPDACDATA</name>
         <value>0x8f2</value>
      </symbol>
      <symbol id="sm-12d">
         <name>CPDACDATA_L</name>
         <value>0x8f2</value>
      </symbol>
      <symbol id="sm-12e">
         <name>CPDACDATA_H</name>
         <value>0x8f3</value>
      </symbol>
      <symbol id="sm-12f">
         <name>UCA0CTLW0</name>
         <value>0x500</value>
      </symbol>
      <symbol id="sm-130">
         <name>UCA0CTLW0_L</name>
         <value>0x500</value>
      </symbol>
      <symbol id="sm-131">
         <name>UCA0CTLW0_H</name>
         <value>0x501</value>
      </symbol>
      <symbol id="sm-132">
         <name>UCA0CTLW1</name>
         <value>0x502</value>
      </symbol>
      <symbol id="sm-133">
         <name>UCA0CTLW1_L</name>
         <value>0x502</value>
      </symbol>
      <symbol id="sm-134">
         <name>UCA0CTLW1_H</name>
         <value>0x503</value>
      </symbol>
      <symbol id="sm-135">
         <name>UCA0BRW</name>
         <value>0x506</value>
      </symbol>
      <symbol id="sm-136">
         <name>UCA0BRW_L</name>
         <value>0x506</value>
      </symbol>
      <symbol id="sm-137">
         <name>UCA0BRW_H</name>
         <value>0x507</value>
      </symbol>
      <symbol id="sm-138">
         <name>UCA0MCTLW</name>
         <value>0x508</value>
      </symbol>
      <symbol id="sm-139">
         <name>UCA0MCTLW_L</name>
         <value>0x508</value>
      </symbol>
      <symbol id="sm-13a">
         <name>UCA0MCTLW_H</name>
         <value>0x509</value>
      </symbol>
      <symbol id="sm-13b">
         <name>UCA0STATW</name>
         <value>0x50a</value>
      </symbol>
      <symbol id="sm-13c">
         <name>UCA0STATW_L</name>
         <value>0x50a</value>
      </symbol>
      <symbol id="sm-13d">
         <name>UCA0STATW_H</name>
         <value>0x50b</value>
      </symbol>
      <symbol id="sm-13e">
         <name>UCA0RXBUF</name>
         <value>0x50c</value>
      </symbol>
      <symbol id="sm-13f">
         <name>UCA0RXBUF_L</name>
         <value>0x50c</value>
      </symbol>
      <symbol id="sm-140">
         <name>UCA0RXBUF_H</name>
         <value>0x50d</value>
      </symbol>
      <symbol id="sm-141">
         <name>UCA0TXBUF</name>
         <value>0x50e</value>
      </symbol>
      <symbol id="sm-142">
         <name>UCA0TXBUF_L</name>
         <value>0x50e</value>
      </symbol>
      <symbol id="sm-143">
         <name>UCA0TXBUF_H</name>
         <value>0x50f</value>
      </symbol>
      <symbol id="sm-144">
         <name>UCA0ABCTL</name>
         <value>0x510</value>
      </symbol>
      <symbol id="sm-145">
         <name>UCA0ABCTL_L</name>
         <value>0x510</value>
      </symbol>
      <symbol id="sm-146">
         <name>UCA0ABCTL_H</name>
         <value>0x511</value>
      </symbol>
      <symbol id="sm-147">
         <name>UCA0IRCTL</name>
         <value>0x512</value>
      </symbol>
      <symbol id="sm-148">
         <name>UCA0IRCTL_L</name>
         <value>0x512</value>
      </symbol>
      <symbol id="sm-149">
         <name>UCA0IRCTL_H</name>
         <value>0x513</value>
      </symbol>
      <symbol id="sm-14a">
         <name>UCA0IE</name>
         <value>0x51a</value>
      </symbol>
      <symbol id="sm-14b">
         <name>UCA0IE_L</name>
         <value>0x51a</value>
      </symbol>
      <symbol id="sm-14c">
         <name>UCA0IE_H</name>
         <value>0x51b</value>
      </symbol>
      <symbol id="sm-14d">
         <name>UCA0IFG</name>
         <value>0x51c</value>
      </symbol>
      <symbol id="sm-14e">
         <name>UCA0IFG_L</name>
         <value>0x51c</value>
      </symbol>
      <symbol id="sm-14f">
         <name>UCA0IFG_H</name>
         <value>0x51d</value>
      </symbol>
      <symbol id="sm-150">
         <name>UCA0IV</name>
         <value>0x51e</value>
      </symbol>
      <symbol id="sm-151">
         <name>UCA0IV_L</name>
         <value>0x51e</value>
      </symbol>
      <symbol id="sm-152">
         <name>UCA0IV_H</name>
         <value>0x51f</value>
      </symbol>
      <symbol id="sm-153">
         <name>__STACK_SIZE</name>
         <value>0xa0</value>
      </symbol>
      <symbol id="sm-154">
         <name>__STACK_END</name>
         <value>0x2200</value>
      </symbol>
      <symbol id="sm-155">
         <name>__c_args__</name>
         <value>0xffffffff</value>
      </symbol>
      <symbol id="sm-156">
         <name>__TI_pprof_out_hndl</name>
         <value>0xffffffff</value>
      </symbol>
      <symbol id="sm-157">
         <name>__TI_prof_data_start</name>
         <value>0xffffffff</value>
      </symbol>
      <symbol id="sm-158">
         <name>__TI_prof_data_size</name>
         <value>0xffffffff</value>
      </symbol>
      <symbol id="sm-1ea">
         <name>counter</name>
         <value>0x2000</value>
      </symbol>
      <symbol id="sm-1eb">
         <name>sine</name>
         <value>0xfe00</value>
         <object_component_ref idref="oc-27b"/>
      </symbol>
      <symbol id="sm-1ec">
         <name>__TI_int56</name>
         <value>0xfff8</value>
         <object_component_ref idref="oc-73"/>
      </symbol>
      <symbol id="sm-1ed">
         <name>main</name>
         <value>0xfe20</value>
         <object_component_ref idref="oc-24c"/>
      </symbol>
      <symbol id="sm-1ee">
         <name>_system_pre_init</name>
         <value>0xfedc</value>
         <object_component_ref idref="oc-22c"/>
      </symbol>
      <symbol id="sm-1ef">
         <name>TIMER0_B0_ISR</name>
         <value>0xfeaa</value>
         <object_component_ref idref="oc-226"/>
      </symbol>
      <symbol id="sm-1f7">
         <name>_stack</name>
         <value>0x2160</value>
         <object_component_ref idref="oc-204"/>
      </symbol>
      <symbol id="sm-1f8">
         <name>_reset_vector</name>
         <value>0xfffe</value>
         <object_component_ref idref="oc-207"/>
      </symbol>
      <symbol id="sm-201">
         <name>_c_int00_noinit_noargs_noexit</name>
         <value>0xfec4</value>
         <object_component_ref idref="oc-a6"/>
      </symbol>
      <symbol id="sm-20b">
         <name>C$$EXIT</name>
         <value>0xfed6</value>
         <object_component_ref idref="oc-254"/>
      </symbol>
      <symbol id="sm-20c">
         <name>abort</name>
         <value>0xfed6</value>
         <object_component_ref idref="oc-254"/>
      </symbol>
      <symbol id="sm-20f">
         <name>__TI_int48</name>
         <value>0xffe8</value>
         <object_component_ref idref="oc-6c"/>
      </symbol>
      <symbol id="sm-212">
         <name>__TI_int49</name>
         <value>0xffea</value>
         <object_component_ref idref="oc-6d"/>
      </symbol>
      <symbol id="sm-215">
         <name>__TI_int50</name>
         <value>0xffec</value>
         <object_component_ref idref="oc-6e"/>
      </symbol>
      <symbol id="sm-218">
         <name>__TI_int52</name>
         <value>0xfff0</value>
         <object_component_ref idref="oc-6f"/>
      </symbol>
      <symbol id="sm-21b">
         <name>__TI_int53</name>
         <value>0xfff2</value>
         <object_component_ref idref="oc-70"/>
      </symbol>
      <symbol id="sm-21e">
         <name>__TI_int54</name>
         <value>0xfff4</value>
         <object_component_ref idref="oc-71"/>
      </symbol>
      <symbol id="sm-221">
         <name>__TI_int55</name>
         <value>0xfff6</value>
         <object_component_ref idref="oc-72"/>
      </symbol>
      <symbol id="sm-224">
         <name>__TI_int57</name>
         <value>0xfffa</value>
         <object_component_ref idref="oc-74"/>
      </symbol>
      <symbol id="sm-227">
         <name>__TI_int58</name>
         <value>0xfffc</value>
         <object_component_ref idref="oc-75"/>
      </symbol>
      <symbol id="sm-22f">
         <name>__TI_ISR_TRAP</name>
         <value>0xfee0</value>
         <object_component_ref idref="oc-221"/>
      </symbol>
   </symbol_table>
   <title>Link successful</title>
</link_info>
